subversion
mysql-server
make
apache2
libapache2-mod-perl2
libapache2-request-perl
graphviz
libauthen-sasl-perl
libssl-dev
libxml-perl
libxml-filter-buffertext-perl
libxml-sax-perl
libxml-sax-expat-perl
libxml-sax-writer-perl
libxml-simple-perl
libclass-std-perl
libconfig-std-perl
libcgi-session-perl
libclass-accessor-perl
libclass-accessor-chained-perl
libclass-factory-perl
libcrypt-cbc-perl
libdata-page-perl
libdata-password-perl
libdata-serializer-perl
libdbd-mock-perl
libnet-ip-perl
libparams-validate-perl
libdata-password-perl
libdatetime-locale-perl
libdatetime-timezone-perl
libdatetime-format-strptime-perl
libdatetime-perl
libdigest-sha1-perl
libexception-class-perl
libfile-slurp-perl
libfilter-perl
libhtml-mason-perl
libhttp-server-simple-perl
libhook-lexwrap-perl
liblist-moreutils-perl
libio-prompt-perl
libipc-sharelite-perl
liblog-dispatch-perl
liblog-log4perl-perl
libmail-rfc822-address-perl
libmath-round-perl
libnet-ldap-perl
libnet-server-perl
libproc-processtable-perl
libregexp-common-perl
libtemplate-perl
libtest-exception-perl
libtest-http-server-simple-perl
libtest-pod-perl
libtest-pod-coverage-perl
libtext-csv-perl
libtext-csv-xs-perl
libtree-dagnode-perl
libwww-mechanize-perl
unzip
